#-----------------------------------------------------------
# Vivado v2019.1 (64-bit)
# SW Build 2552052 on Fri May 24 14:49:42 MDT 2019
# IP Build 2548770 on Fri May 24 18:01:18 MDT 2019
# Start of session at: Wed Nov 15 16:47:55 2023
# Process ID: 29644
# Current directory: C:/Users/15390/Desktop/DD/Mylab/lab7/ScoreBoard
# Command line: vivado.exe -gui_launcher_event rodinguilauncherevent26716 C:\Users\15390\Desktop\DD\Mylab\lab7\ScoreBoard\ScoreBoard.xpr
# Log file: C:/Users/15390/Desktop/DD/Mylab/lab7/ScoreBoard/vivado.log
# Journal file: C:/Users/15390/Desktop/DD/Mylab/lab7/ScoreBoard\vivado.jou
#-----------------------------------------------------------
start_gui
open_project C:/Users/15390/Desktop/DD/Mylab/lab7/ScoreBoard/ScoreBoard.xpr
open_hw
connect_hw_server
open_hw_targetopen_hw
reset_run synth_1
launch_runs impl_1 -to_step write_bitstream -jobs 8
wait_on_run impl_1
import_files {C:/Users/15390/Desktop/DD/Mylab/lab8/attachment-seg/SSeg_Dev/HexTo8SEG.v C:/Users/15390/Desktop/DD/Mylab/lab8/attachment-seg/SSeg_Dev/SSeg_Dev.v C:/Users/15390/Desktop/DD/Mylab/lab8/attachment-seg/SSeg_Dev/Hex2Seg.v}
update_compile_order -fileset sources_1
import_files -norecurse C:/Users/15390/Desktop/DD/Mylab/lab8/attachment-seg/P2S.edf
update_compile_order -fileset sources_1
import_files -norecurse C:/Users/15390/Desktop/DD/Mylab/lab8/attachment-seg/P2S_io.v
update_compile_order -fileset sources_1
update_compile_order -fileset sources_1
export_ip_user_files -of_objects  [get_files C:/Users/15390/Desktop/DD/Mylab/lab7/ScoreBoard/ScoreBoard.srcs/sources_1/imports/SSeg_Dev/SSeg_Dev.v] -no_script -reset -force -quiet
remove_files  C:/Users/15390/Desktop/DD/Mylab/lab7/ScoreBoard/ScoreBoard.srcs/sources_1/imports/SSeg_Dev/SSeg_Dev.v
file delete -force C:/Users/15390/Desktop/DD/Mylab/lab7/ScoreBoard/ScoreBoard.srcs/sources_1/imports/SSeg_Dev/SSeg_Dev.v
update_compile_order -fileset sources_1
export_ip_user_files -of_objects  [get_files C:/Users/15390/Desktop/DD/Mylab/lab7/ScoreBoard/ScoreBoard.srcs/sources_1/imports/attachment-seg/P2S.edf] -no_script -reset -force -quiet
remove_files  C:/Users/15390/Desktop/DD/Mylab/lab7/ScoreBoard/ScoreBoard.srcs/sources_1/imports/attachment-seg/P2S.edf
file delete -force C:/Users/15390/Desktop/DD/Mylab/lab7/ScoreBoard/ScoreBoard.srcs/sources_1/imports/attachment-seg/P2S.edf
export_ip_user_files -of_objects  [get_files C:/Users/15390/Desktop/DD/Mylab/lab7/ScoreBoard/ScoreBoard.srcs/sources_1/imports/attachment-seg/P2S_io.v] -no_script -reset -force -quiet
remove_files  C:/Users/15390/Desktop/DD/Mylab/lab7/ScoreBoard/ScoreBoard.srcs/sources_1/imports/attachment-seg/P2S_io.v
file delete -force C:/Users/15390/Desktop/DD/Mylab/lab7/ScoreBoard/ScoreBoard.srcs/sources_1/imports/attachment-seg/P2S_io.v
